==================================================
PropLens 테스트 시작
==================================================

[1] Import 테스트...
